// Jest Snapshot v1, https://goo.gl/fbAQLP

exports[`Node returns css export 1`] = `"width: 201px; height: 109px;"`;

exports[`Node returns css export 2`] = `"width: 201px; height: 109px;"`;

exports[`Node returns css export 3`] = `"width: 201px; height: 109px;"`;

exports[`Node returns css export 4`] = `"width: 144px; height: 62px;"`;
